kotlin version: 2.2.10
error message: java.lang.OutOfMemoryError: GC overhead limit exceeded
	at org.jetbrains.kotlin.com.intellij.lang.impl.MarkerPool.allocateStartMarker(MarkerPool.java:26)
	at org.jetbrains.kotlin.com.intellij.lang.impl.PsiBuilderImpl.createMarker(PsiBuilderImpl.java:834)
	at org.jetbrains.kotlin.com.intellij.lang.impl.PsiBuilderImpl.mark(PsiBuilderImpl.java:828)
	at org.jetbrains.kotlin.com.intellij.lang.impl.PsiBuilderAdapter.mark(PsiBuilderAdapter.java:92)
	at org.jetbrains.kotlin.parsing.AbstractKotlinParsing.mark(AbstractKotlinParsing.java:79)
	at org.jetbrains.kotlin.parsing.KotlinExpressionParsing.parseBinaryExpression(KotlinExpressionParsing.java:316)
	at org.jetbrains.kotlin.parsing.KotlinExpressionParsing.access$300(KotlinExpressionParsing.java:33)
	at org.jetbrains.kotlin.parsing.KotlinExpressionParsing$Precedence.parseHigherPrecedence(KotlinExpressionParsing.java:211)
	at org.jetbrains.kotlin.parsing.KotlinExpressionParsing.parseBinaryExpression(KotlinExpressionParsing.java:318)
	at org.jetbrains.kotlin.parsing.KotlinExpressionParsing.access$300(KotlinExpressionParsing.java:33)
	at org.jetbrains.kotlin.parsing.KotlinExpressionParsing$Precedence.parseHigherPrecedence(KotlinExpressionParsing.java:211)
	at org.jetbrains.kotlin.parsing.KotlinExpressionParsing.parseBinaryExpression(KotlinExpressionParsing.java:318)
	at org.jetbrains.kotlin.parsing.KotlinExpressionParsing.access$300(KotlinExpressionParsing.java:33)
	at org.jetbrains.kotlin.parsing.KotlinExpressionParsing$Precedence.parseHigherPrecedence(KotlinExpressionParsing.java:211)
	at org.jetbrains.kotlin.parsing.KotlinExpressionParsing.parseBinaryExpression(KotlinExpressionParsing.java:318)
	at org.jetbrains.kotlin.parsing.KotlinExpressionParsing.parseExpression(KotlinExpressionParsing.java:307)
	at org.jetbrains.kotlin.parsing.KotlinExpressionParsing.parseValueArgument(KotlinExpressionParsing.java:1944)
	at org.jetbrains.kotlin.parsing.KotlinExpressionParsing.parseValueArgumentList(KotlinExpressionParsing.java:1900)
	at org.jetbrains.kotlin.parsing.KotlinExpressionParsing.parseCallSuffix(KotlinExpressionParsing.java:500)
	at org.jetbrains.kotlin.parsing.KotlinExpressionParsing.parseSelectorCallExpression(KotlinExpressionParsing.java:528)
	at org.jetbrains.kotlin.parsing.KotlinExpressionParsing.parsePostfixExpression(KotlinExpressionParsing.java:470)
	at org.jetbrains.kotlin.parsing.KotlinExpressionParsing.parsePrefixExpression(KotlinExpressionParsing.java:373)
	at org.jetbrains.kotlin.parsing.KotlinExpressionParsing.access$200(KotlinExpressionParsing.java:33)
	at org.jetbrains.kotlin.parsing.KotlinExpressionParsing$Precedence$2.parseHigherPrecedence(KotlinExpressionParsing.java:166)
	at org.jetbrains.kotlin.parsing.KotlinExpressionParsing.parseBinaryExpression(KotlinExpressionParsing.java:318)
	at org.jetbrains.kotlin.parsing.KotlinExpressionParsing.access$300(KotlinExpressionParsing.java:33)
	at org.jetbrains.kotlin.parsing.KotlinExpressionParsing$Precedence.parseHigherPrecedence(KotlinExpressionParsing.java:211)
	at org.jetbrains.kotlin.parsing.KotlinExpressionParsing.parseBinaryExpression(KotlinExpressionParsing.java:318)
	at org.jetbrains.kotlin.parsing.KotlinExpressionParsing.access$300(KotlinExpressionParsing.java:33)
	at org.jetbrains.kotlin.parsing.KotlinExpressionParsing$Precedence.parseHigherPrecedence(KotlinExpressionParsing.java:211)
	at org.jetbrains.kotlin.parsing.KotlinExpressionParsing.parseBinaryExpression(KotlinExpressionParsing.java:318)
	at org.jetbrains.kotlin.parsing.KotlinExpressionParsing.access$300(KotlinExpressionParsing.java:33)


